[2026-07-28T10:40:29.081Z] GET http://localhost:3000/kiosk → pending (?ms, ?B)
[2026-07-28T10:40:29.392Z] GET http://localhost:3000/_next/static/chunks/webpack.js → 200 (5ms, 23550B)
[2026-07-28T10:40:29.392Z] GET http://localhost:3000/_next/static/chunks/main.js → 200 (196ms, 1850670B)
[2026-07-28T10:40:29.392Z] GET http://localhost:3000/_next/static/chunks/pages/_app.js → 200 (98ms, 975225B)
[2026-07-28T10:40:29.392Z] GET http://localhost:3000/_next/static/chunks/pages/kiosk.js → 200 (24ms, 201740B)
[2026-07-28T10:40:29.393Z] GET http://localhost:3000/_next/static/development/_buildManifest.js → 200 (4ms, 495B)
[2026-07-28T10:40:29.393Z] GET http://localhost:3000/_next/static/development/_ssgManifest.js → 200 (6ms, 76B)
[2026-07-28T10:40:29.393Z] GET http://localhost:3000/_next/static/chunks/react-refresh.js → 200 (3ms, 25135B)
[2026-07-28T10:40:29.818Z] GET http://localhost:3000/_next/static/development/_devMiddlewareManifest.json → 200 (2ms, 12B)
[2026-07-28T10:40:29.831Z] GET http://localhost:3000/_next/static/development/_devPagesManifest.json → 200 (1ms, 566B)
[2026-07-28T10:40:29.867Z] GET https://ph.libas.uz/array/phc_zr3Gf3uoDipXpQWcXggwfCinM6jyReM7d8nE7LZDnAsh/config.js → pending (?ms, ?B)
[2026-07-28T10:40:29.867Z] GET http://localhost:3000/proxy/app/feature-flags → 200 (25ms, 214B)
[2026-07-28T10:40:29.867Z] GET http://localhost:3000/proxy/app/feature-flags → 200 (17ms, 214B)
[2026-07-28T10:40:29.880Z] GET https://firebase.googleapis.com/v1alpha/projects/-/apps/1:187239045780:web:e6ae4bb9fa4c527fb7b281/webConfig → pending (?ms, ?B)
[2026-07-28T10:40:29.884Z] POST https://firebaseinstallations.googleapis.com/v1/projects/svayp-ai/installations → pending (?ms, ?B)
[2026-07-28T10:40:30.281Z] GET https://ph.libas.uz/static/posthog-recorder.js?v=1.396.8 → 200 (544ms, 161236B)
[2026-07-28T10:40:30.281Z] GET https://ph.libas.uz/static/surveys.js?v=1.396.8 → 200 (677ms, 97889B)
[2026-07-28T10:40:30.281Z] GET https://ph.libas.uz/static/dead-clicks-autocapture.js?v=1.396.8 → 200 (678ms, 15390B)
[2026-07-28T10:40:30.282Z] GET https://ph.libas.uz/static/web-vitals.js?v=1.396.8 → 200 (140ms, 7339B)
[2026-07-28T10:40:30.383Z] GET https://www.googletagmanager.com/gtag/js?l=dataLayer&id=G-KHP9MBCZRV → 200 (601ms, 153357B)
[2026-07-28T10:40:31.006Z] POST https://www.google-analytics.com/g/collect?v=2&tid=G-KHP9MBCZRV&gtm=45je67o1v9254846533za200zd9254846533&_p=1785235230380&gcd=13l3l3l3l1l1&npa=0&dma=0&_fid=e7g2Zg_wW9vukdqsz4ZtW_&are=1&cid=1536302856.1785235231&frm=0&ngs=1&pscdl=noapi&rcb=2&sr=1280x720&uaa=arm&uab=64&uafvl=Not%253AA-Brand%3B99.0.0.0%7CHeadlessChrome%3B145.0.7632.6%7CChromium%3B145.0.7632.6&uam=&uamb=0&uap=macOS&uapv=26.4.1&uaw=0&ul=en-us&_s=1&tag_exp=115938465~115938469~118897920~118897930~119896802~120084214&sid=1785235230&sct=1&seg=0&dl=http%3A%2F%2Flocalhost%2Fkiosk&dt=LIBAS%20Kiosk&en=page_view&_fv=1&_nsi=1&_ss=1&_ee=1&ep.origin=firebase&tfd=1922 → pending (?ms, ?B)
[2026-07-28T10:40:32.961Z] POST http://localhost:3000/proxy/kiosk/session?lang=ru&path=catalog → 200 (32ms, 140B)
[2026-07-28T10:40:32.995Z] POST http://localhost:3000/proxy/analytics/events → 200 (23ms, 70B)
[2026-07-28T10:40:32.995Z] POST http://localhost:3000/proxy/analytics/events → 200 (12ms, 70B)
[2026-07-28T10:40:32.995Z] GET http://localhost:3000/proxy/kiosk/catalog?page=0&size=60 → pending (?ms, ?B)
[2026-07-28T10:40:33.247Z] GET https://libasimages.blob.core.windows.net/product-images/products/3d0d45da-7d7a-4abe-a194-ed65a1a088c9.png → 200 (855ms, ?B)
[2026-07-28T10:40:33.247Z] GET https://libasimages.blob.core.windows.net/product-images/products/e83bae3f-8905-46cd-b542-28519cd235f3.png → 200 (833ms, ?B)
[2026-07-28T10:40:33.247Z] GET https://libasimages.blob.core.windows.net/product-images/products/c8d6295e-c36e-45a3-b45e-9c2715682638.png → 200 (851ms, ?B)
[2026-07-28T10:40:33.247Z] GET https://libasimages.blob.core.windows.net/product-images/products/bd2ff9ee-524c-40b0-bbc5-2fbde1e0341f.png → 200 (826ms, ?B)
[2026-07-28T10:40:33.247Z] GET https://libasimages.blob.core.windows.net/product-images/products/cf796cdf-5350-4594-a463-43841db8db16.png → 200 (829ms, ?B)
[2026-07-28T10:40:33.247Z] GET https://libasimages.blob.core.windows.net/product-images/products/a61b1fcf-c5ff-40a8-bfca-ba0202781119.png → 200 (885ms, ?B)
[2026-07-28T10:40:33.247Z] GET https://libasimages.blob.core.windows.net/product-images/products/e51f3a4b-08b0-4ff5-82b0-b143a7290326.png → pending (?ms, ?B)
[2026-07-28T10:40:33.247Z] GET https://libasimages.blob.core.windows.net/product-images/products/207a42d5-3388-4657-a220-576ff8c9124e.png → pending (?ms, ?B)
[2026-07-28T10:40:33.247Z] GET https://libasimages.blob.core.windows.net/product-images/products/d769dce8-3b71-4554-89b9-9675a6552726.png → pending (?ms, ?B)
[2026-07-28T10:40:33.247Z] GET https://libasimages.blob.core.windows.net/product-images/products/4feef0db-b283-4c15-bbfd-64222d276bb0.png → pending (?ms, ?B)
[2026-07-28T10:40:33.247Z] GET https://libasimages.blob.core.windows.net/product-images/products/85d95e3c-785c-46ba-829b-b4d3d0b22770.png → pending (?ms, ?B)
[2026-07-28T10:40:33.247Z] GET https://libasimages.blob.core.windows.net/product-images/products/fa3ba0d0-63e1-47d9-b74f-20027266ac2d.png → pending (?ms, ?B)
[2026-07-28T10:40:33.247Z] GET https://libasimages.blob.core.windows.net/product-images/products/c8455c4e-bce8-4cab-9c39-843b7ba01d37.png → pending (?ms, ?B)
[2026-07-28T10:40:33.247Z] GET https://libasimages.blob.core.windows.net/product-images/products/55a943f1-f1c2-4b68-9d09-a29bd0710539.png → pending (?ms, ?B)
[2026-07-28T10:40:33.247Z] GET https://libasimages.blob.core.windows.net/product-images/products/f1e2d782-992d-47a5-8a88-d8dba4161f5c.png → pending (?ms, ?B)
[2026-07-28T10:40:33.247Z] GET https://libasimages.blob.core.windows.net/product-images/products/bc7add8b-76bf-440f-b026-3afb98ff3789.png → pending (?ms, ?B)
[2026-07-28T10:40:33.248Z] GET https://libasimages.blob.core.windows.net/product-images/products/b2b7a589-2832-4a79-9c92-8a15786887dd.png → pending (?ms, ?B)
[2026-07-28T10:40:33.248Z] GET https://libasimages.blob.core.windows.net/product-images/products/b2050168-0b69-45e7-8c05-17890e734b17.png → pending (?ms, ?B)
[2026-07-28T10:40:33.248Z] GET https://libasimages.blob.core.windows.net/product-images/products/b74e06c6-cfce-4afa-9ec3-665f3b9bee34.png → pending (?ms, ?B)
[2026-07-28T10:40:33.248Z] GET https://libasimages.blob.core.windows.net/product-images/products/e756a26f-b3d9-4d3c-8c6a-f54eb7b19fc0.png → pending (?ms, ?B)
[2026-07-28T10:40:33.248Z] GET https://libasimages.blob.core.windows.net/product-images/products/252bfacd-1ef6-4bda-a427-810934d48e59.png → pending (?ms, ?B)
[2026-07-28T10:40:33.248Z] GET https://libasimages.blob.core.windows.net/product-images/products/d7be01df-0288-41ca-81b6-6ad1191eb85b.png → pending (?ms, ?B)
[2026-07-28T10:40:33.248Z] GET https://libasimages.blob.core.windows.net/product-images/products/39a80053-e1c5-4ff0-8bf1-41429e5539fe.png → pending (?ms, ?B)
[2026-07-28T10:40:33.248Z] GET https://libasimages.blob.core.windows.net/product-images/products/afcc3701-f9de-4e97-9d0d-c40931eb6215.png → pending (?ms, ?B)
[2026-07-28T10:40:33.248Z] GET https://libasimages.blob.core.windows.net/product-images/products/06912fdd-b239-42cd-a91b-1573c4fbd598.png → pending (?ms, ?B)
[2026-07-28T10:40:33.248Z] GET https://libasimages.blob.core.windows.net/product-images/products/015f36e2-8bd3-4dc5-9a48-512c2d6c513b.png → pending (?ms, ?B)
[2026-07-28T10:40:33.248Z] GET https://libasimages.blob.core.windows.net/product-images/products/bf346277-1a71-4c26-9893-3bac93719601.png → pending (?ms, ?B)
[2026-07-28T10:40:33.248Z] GET https://libasimages.blob.core.windows.net/product-images/products/e497f506-9200-43ae-9216-c863a9a9f97c.png → pending (?ms, ?B)
[2026-07-28T10:40:33.248Z] GET https://libasimages.blob.core.windows.net/product-images/products/0fc2247f-fb82-4f10-b3cd-c395aa98afdf.png → pending (?ms, ?B)
[2026-07-28T10:40:33.248Z] GET https://libasimages.blob.core.windows.net/product-images/products/85f2885b-aecc-444f-ab8d-529eb3883b33.png → pending (?ms, ?B)
[2026-07-28T10:40:33.248Z] GET https://libasimages.blob.core.windows.net/product-images/products/c3971dac-ad0a-473b-bf14-0f762736f8f3.png → pending (?ms, ?B)
[2026-07-28T10:40:33.248Z] GET https://libasimages.blob.core.windows.net/product-images/products/65860815-3326-4b05-b474-bdfe348de966.png → pending (?ms, ?B)
[2026-07-28T10:40:33.248Z] GET https://libasimages.blob.core.windows.net/product-images/products/1626a8df-22c3-46f7-87ea-e4f6129fa441.png → pending (?ms, ?B)
[2026-07-28T10:40:33.248Z] GET https://libasimages.blob.core.windows.net/product-images/products/67974298-6dd3-4605-bfc4-7ab7cc317bed.png → pending (?ms, ?B)
[2026-07-28T10:40:33.248Z] GET https://libasimages.blob.core.windows.net/product-images/products/30561630-c91c-4aa2-b984-f884158c7979.png → pending (?ms, ?B)
[2026-07-28T10:40:33.248Z] GET https://libasimages.blob.core.windows.net/product-images/products/9cf70d7d-6787-4c69-9162-4b30ce15df61.png → pending (?ms, ?B)
[2026-07-28T10:40:33.248Z] GET https://libasimages.blob.core.windows.net/product-images/products/79e81460-eed5-434a-911e-3863eb6a1188.png → pending (?ms, ?B)
[2026-07-28T10:40:33.248Z] GET https://libasimages.blob.core.windows.net/product-images/products/dcec8757-bde3-4e68-9bad-b00d84c3594a.png → pending (?ms, ?B)
[2026-07-28T10:40:33.248Z] GET https://libasimages.blob.core.windows.net/product-images/products/24660e2a-10a0-4e38-9526-c460ff47ae92.png → pending (?ms, ?B)
[2026-07-28T10:40:33.248Z] GET https://libasimages.blob.core.windows.net/product-images/products/0fffb017-6a22-4fca-9b7b-1f858ea2bc35.png → pending (?ms, ?B)
[2026-07-28T10:40:33.249Z] GET https://libasimages.blob.core.windows.net/product-images/products/e2268309-de2e-4131-9893-32bc9e44aa6a.png → pending (?ms, ?B)
[2026-07-28T10:40:33.249Z] GET https://libasimages.blob.core.windows.net/product-images/products/6190df75-8296-4426-827e-fa921e506bc6.png → pending (?ms, ?B)
[2026-07-28T10:40:33.249Z] GET https://libasimages.blob.core.windows.net/product-images/products/635411d8-04f8-407c-88d8-1e9a63791747.png → pending (?ms, ?B)
[2026-07-28T10:40:33.249Z] GET https://libasimages.blob.core.windows.net/product-images/products/70714219-bb2f-4d23-9e66-71a9fcffc9e8.png → pending (?ms, ?B)
[2026-07-28T10:40:33.250Z] GET https://libasimages.blob.core.windows.net/product-images/products/5b55dc3a-d5ff-4185-8eb3-06c19b7b9f86.png → pending (?ms, ?B)
[2026-07-28T10:40:33.250Z] GET https://libasimages.blob.core.windows.net/product-images/products/651c1f5c-be2c-435b-aea7-f07258c51cb6.png → pending (?ms, ?B)
[2026-07-28T10:40:33.250Z] GET https://libasimages.blob.core.windows.net/product-images/products/a9ce96eb-001c-4098-83d6-0950a9588dc5.png → pending (?ms, ?B)
[2026-07-28T10:40:33.250Z] GET https://libasimages.blob.core.windows.net/product-images/products/fc62405a-bab6-4b99-9b60-6b95a872ba2e.png → pending (?ms, ?B)
[2026-07-28T10:40:36.008Z] POST https://www.google-analytics.com/g/collect?v=2&tid=G-KHP9MBCZRV&gtm=45je67o1v9254846533za200zd9254846533&_p=1785235230380&gcd=13l3l3l3l1l1&npa=0&dma=0&_eu=AAAAAAQ&_fid=e7g2Zg_wW9vukdqsz4ZtW_&are=1&cid=1536302856.1785235231&frm=0&ngs=1&pscdl=noapi&rcb=2&sr=1280x720&uaa=arm&uab=64&uafvl=Not%253AA-Brand%3B99.0.0.0%7CHeadlessChrome%3B145.0.7632.6%7CChromium%3B145.0.7632.6&uam=&uamb=0&uap=macOS&uapv=26.4.1&uaw=0&ul=en-us&_s=2&tag_exp=115938465~115938469~118897920~118897930~119896802~120084214&dp=%2Fkiosk&sid=1785235230&sct=1&seg=1&dl=http%3A%2F%2Flocalhost%2Fkiosk&dt=LIBAS%20Kiosk&en=page_view&_ee=1&ep.origin=firebase&_et=3&up.client_context=browser&tfd=6927 → 204 (126ms, ?B)
[2026-07-28T10:40:39.862Z] POST http://localhost:3000/proxy/analytics/events/batch → 200 (133ms, ?B)
[2026-07-28T10:41:28.094Z] POST http://localhost:3000/proxy/analytics/events → 200 (53ms, 70B)
[2026-07-28T10:41:28.094Z] POST http://localhost:3000/proxy/kiosk/sessions/0a6c4ab4-535c-4328-b2f0-e43fbac8b09d/reset → 200 (54ms, 73B)
[2026-07-28T10:44:01.357Z] GET http://localhost:3000/_next/static/webpack/246abd96a3a3a934.webpack.hot-update.json → 200 (6ms, 45B)
[2026-07-28T10:44:01.365Z] GET http://localhost:3000/_next/static/webpack/pages/kiosk.246abd96a3a3a934.hot-update.js → 200 (6ms, 24362B)
[2026-07-28T10:44:01.365Z] GET http://localhost:3000/_next/static/webpack/webpack.246abd96a3a3a934.hot-update.js → 200 (4ms, 773B)
[2026-07-28T10:44:06.366Z] GET http://localhost:3000/kiosk → 200 (264ms, 490B)
[2026-07-28T10:44:06.636Z] POST https://www.google-analytics.com/g/collect?v=2&tid=G-KHP9MBCZRV&gtm=45je67o1v9254846533za200zd9254846533&_p=1785235230380&gcd=13l3l3l3l1l1&npa=0&dma=0&_eu=AAAAAAQ&_fid=e7g2Zg_wW9vukdqsz4ZtW_&are=1&cid=1536302856.1785235231&frm=0&ngs=1&pscdl=noapi&rcb=2&sr=1280x720&uaa=arm&uab=64&uafvl=Not%253AA-Brand%3B99.0.0.0%7CHeadlessChrome%3B145.0.7632.6%7CChromium%3B145.0.7632.6&uam=&uamb=0&uap=macOS&uapv=26.4.1&uaw=0&ul=en-us&_s=3&tag_exp=115938465~115938469~118897920~118897930~119896802~120084214&sid=1785235230&sct=1&seg=1&dl=http%3A%2F%2Flocalhost%2Fkiosk&dt=LIBAS%20Kiosk&en=user_engagement&ep.origin=firebase&_et=215626&tfd=217556 → pending (?ms, ?B)
[2026-07-28T10:44:06.637Z] POST https://www.google.com/g/collect?v=2&tid=G-KHP9MBCZRV&gtm=45je67o1v9254846533za200zd9254846533&_p=1785235230380&gcd=13l3l3l3l1l1&npa=0&dma=0&_eu=AAAAAAQ&_fid=e7g2Zg_wW9vukdqsz4ZtW_&are=1&cid=1536302856.1785235231&frm=0&ngs=1&pscdl=noapi&rcb=2&sr=1280x720&uaa=arm&uab=64&uafvl=Not%253AA-Brand%3B99.0.0.0%7CHeadlessChrome%3B145.0.7632.6%7CChromium%3B145.0.7632.6&uam=&uamb=0&uap=macOS&uapv=26.4.1&uaw=0&ul=en-us&_s=3&tag_exp=115938465~115938469~118897920~118897930~119896802~120084214&sid=1785235230&sct=1&seg=1&dl=http%3A%2F%2Flocalhost%2Fkiosk&dt=LIBAS%20Kiosk&en=user_engagement&ep.origin=firebase&_et=215626&tfd=217556&gaf=1 → pending (?ms, ?B)
[2026-07-28T10:44:06.638Z] GET http://localhost:3000/_next/static/chunks/webpack.js → 200 (6ms, 23550B)
[2026-07-28T10:44:06.638Z] GET http://localhost:3000/_next/static/chunks/main.js → 200 (208ms, 1850670B)
[2026-07-28T10:44:06.638Z] GET http://localhost:3000/_next/static/chunks/pages/_app.js → 200 (104ms, 975225B)
[2026-07-28T10:44:06.638Z] GET http://localhost:3000/_next/static/chunks/pages/kiosk.js → 200 (31ms, 201853B)
[2026-07-28T10:44:06.638Z] GET http://localhost:3000/_next/static/development/_buildManifest.js → 200 (4ms, 495B)
[2026-07-28T10:44:06.638Z] GET http://localhost:3000/_next/static/development/_ssgManifest.js → 200 (6ms, 76B)
[2026-07-28T10:44:06.638Z] GET http://localhost:3000/_next/static/chunks/react-refresh.js → 200 (10ms, 25135B)
[2026-07-28T10:44:06.874Z] GET http://localhost:3000/_next/static/development/_devMiddlewareManifest.json → 200 (2ms, 12B)
[2026-07-28T10:44:06.880Z] GET http://localhost:3000/_next/static/development/_devPagesManifest.json → 200 (1ms, 566B)
[2026-07-28T10:44:06.886Z] GET https://ph.libas.uz/static/web-vitals.js?v=1.396.8 → 304 (387ms, 209B)
[2026-07-28T10:44:06.887Z] GET https://ph.libas.uz/static/posthog-recorder.js?v=1.396.8 → 304 (372ms, 211B)
[2026-07-28T10:44:06.887Z] GET https://ph.libas.uz/static/dead-clicks-autocapture.js?v=1.396.8 → 304 (386ms, 209B)
[2026-07-28T10:44:06.887Z] GET https://ph.libas.uz/array/phc_zr3Gf3uoDipXpQWcXggwfCinM6jyReM7d8nE7LZDnAsh/config.js → 200 (?ms, -383B)
[2026-07-28T10:44:06.887Z] GET http://localhost:3000/proxy/app/feature-flags → 200 (19ms, 214B)
[2026-07-28T10:44:06.887Z] GET http://localhost:3000/proxy/app/feature-flags → 200 (12ms, 214B)
[2026-07-28T10:44:06.893Z] GET https://firebase.googleapis.com/v1alpha/projects/-/apps/1:187239045780:web:e6ae4bb9fa4c527fb7b281/webConfig → 200 (125ms, 212B)
[2026-07-28T10:44:06.894Z] GET https://ph.libas.uz/static/surveys.js?v=1.396.8 → 304 (379ms, 210B)
[2026-07-28T10:44:07.019Z] GET https://www.googletagmanager.com/gtag/js?l=dataLayer&id=G-KHP9MBCZRV → 200 (?ms, -586B)
[2026-07-28T10:44:08.981Z] POST http://localhost:3000/proxy/kiosk/session?lang=ru&path=catalog → 200 (127ms, 140B)
[2026-07-28T10:44:09.109Z] POST http://localhost:3000/proxy/analytics/events → 200 (65ms, 70B)
[2026-07-28T10:44:09.109Z] POST http://localhost:3000/proxy/analytics/events → 200 (41ms, 70B)
[2026-07-28T10:44:09.109Z] GET http://localhost:3000/proxy/kiosk/catalog?page=0&size=60 → 200 (67ms, 3776B)
[2026-07-28T10:44:09.188Z] GET https://libasimages.blob.core.windows.net/product-images/products/3d0d45da-7d7a-4abe-a194-ed65a1a088c9.png → 200 (2ms, -406B)
[2026-07-28T10:44:09.188Z] GET https://libasimages.blob.core.windows.net/product-images/products/e83bae3f-8905-46cd-b542-28519cd235f3.png → 200 (2ms, -406B)
[2026-07-28T10:44:09.188Z] GET https://libasimages.blob.core.windows.net/product-images/products/c8d6295e-c36e-45a3-b45e-9c2715682638.png → 200 (2ms, -406B)
[2026-07-28T10:44:09.188Z] GET https://libasimages.blob.core.windows.net/product-images/products/bd2ff9ee-524c-40b0-bbc5-2fbde1e0341f.png → 200 (2ms, -406B)
[2026-07-28T10:44:09.188Z] GET https://libasimages.blob.core.windows.net/product-images/products/cf796cdf-5350-4594-a463-43841db8db16.png → 200 (3ms, -406B)
[2026-07-28T10:44:09.188Z] GET https://libasimages.blob.core.windows.net/product-images/products/a61b1fcf-c5ff-40a8-bfca-ba0202781119.png → 200 (3ms, -407B)
[2026-07-28T10:44:09.188Z] GET https://libasimages.blob.core.windows.net/product-images/products/e51f3a4b-08b0-4ff5-82b0-b143a7290326.png → 200 (18ms, -406B)
[2026-07-28T10:44:09.188Z] GET https://libasimages.blob.core.windows.net/product-images/products/207a42d5-3388-4657-a220-576ff8c9124e.png → 200 (18ms, -407B)
[2026-07-28T10:44:09.188Z] GET https://libasimages.blob.core.windows.net/product-images/products/d769dce8-3b71-4554-89b9-9675a6552726.png → 200 (19ms, -407B)
[2026-07-28T10:44:09.189Z] GET https://libasimages.blob.core.windows.net/product-images/products/4feef0db-b283-4c15-bbfd-64222d276bb0.png → 200 (18ms, -407B)
[2026-07-28T10:44:09.189Z] GET https://libasimages.blob.core.windows.net/product-images/products/85d95e3c-785c-46ba-829b-b4d3d0b22770.png → 200 (18ms, -407B)
[2026-07-28T10:44:09.189Z] GET https://libasimages.blob.core.windows.net/product-images/products/fa3ba0d0-63e1-47d9-b74f-20027266ac2d.png → 200 (33ms, -407B)
[2026-07-28T10:44:09.189Z] GET https://libasimages.blob.core.windows.net/product-images/products/c8455c4e-bce8-4cab-9c39-843b7ba01d37.png → 200 (40ms, -407B)
[2026-07-28T10:44:09.189Z] GET https://libasimages.blob.core.windows.net/product-images/products/55a943f1-f1c2-4b68-9d09-a29bd0710539.png → 200 (40ms, -407B)
[2026-07-28T10:44:09.189Z] GET https://libasimages.blob.core.windows.net/product-images/products/f1e2d782-992d-47a5-8a88-d8dba4161f5c.png → 200 (41ms, -407B)
[2026-07-28T10:44:09.189Z] GET https://libasimages.blob.core.windows.net/product-images/products/bc7add8b-76bf-440f-b026-3afb98ff3789.png → 200 (41ms, -407B)
[2026-07-28T10:44:09.189Z] GET https://libasimages.blob.core.windows.net/product-images/products/b2b7a589-2832-4a79-9c92-8a15786887dd.png → 200 (42ms, -407B)
[2026-07-28T10:44:09.190Z] GET https://libasimages.blob.core.windows.net/product-images/products/b2050168-0b69-45e7-8c05-17890e734b17.png → 200 (51ms, -406B)
[2026-07-28T10:44:12.038Z] POST https://www.google-analytics.com/g/collect?v=2&tid=G-KHP9MBCZRV&gtm=45je67o1v9254846533za200zd9254846533&_p=1785235447018&gcd=13l3l3l3l1l1&npa=0&dma=0&_eu=AAAAAAQ&_fid=e7g2Zg_wW9vukdqsz4ZtW_&are=1&cid=1536302856.1785235231&frm=0&ngs=1&pscdl=noapi&rcb=11&sr=1280x720&uaa=arm&uab=64&uafvl=Not%253AA-Brand%3B99.0.0.0%7CHeadlessChrome%3B145.0.7632.6%7CChromium%3B145.0.7632.6&uam=&uamb=0&uap=macOS&uapv=26.4.1&uaw=0&ul=en-us&tag_exp=115938466~115938468~118897920~118897930~119527020~119724321~119896803~120084214&sid=1785235230&sct=1&seg=1&dl=http%3A%2F%2Flocalhost%2Fkiosk&dt=LIBAS%20Kiosk&_s=1&tfd=5669 → 204 (116ms, ?B)
[2026-07-28T10:44:16.887Z] POST http://localhost:3000/proxy/analytics/events/batch → 200 (22ms, ?B)
[2026-07-28T10:45:04.208Z] POST http://localhost:3000/proxy/analytics/events → 200 (55ms, 70B)
[2026-07-28T10:45:04.209Z] POST http://localhost:3000/proxy/kiosk/sessions/e06daf9c-8066-4ff2-ad50-2e506342c65c/reset → 200 (47ms, 73B)
[2026-07-28T10:49:06.960Z] POST https://ph.libas.uz/flags/?v=2&_=1785235746951&ver=1.396.8&compression=base64 → 200 (373ms, 382B)
[2026-07-28T10:54:06.957Z] POST https://ph.libas.uz/flags/?v=2&_=1785236046948&ver=1.396.8&compression=base64 → 200 (419ms, 382B)
[2026-07-28T10:59:06.955Z] POST https://ph.libas.uz/flags/?v=2&_=1785236346948&ver=1.396.8&compression=base64 → pending (?ms, ?B)
[2026-07-28T11:04:07.002Z] POST https://ph.libas.uz/flags/?v=2&_=1785236646998&ver=1.396.8&compression=base64 → pending (?ms, ?B)
[2026-07-28T11:09:44.262Z] POST https://ph.libas.uz/flags/?v=2&_=1785236984251&ver=1.396.8&compression=base64 → 200 (588ms, 382B)
[2026-07-28T11:14:44.265Z] POST https://ph.libas.uz/flags/?v=2&_=1785237284251&ver=1.396.8&compression=base64 → 200 (614ms, 382B)
